Raw data location,Spectrum ID,Spectrum Title,Exp m/z,Charge,Sequence,MS-GF:DeNovoScore,MS-GF:RawScore,MS-GF:SpecEValue,MS-GF:EValue,Protein ID,Sequence Start,Sequence Stop,Sequence Pre AA,Sequence Post AA,uCalc m/z,Accuracy (ppm),Mass Difference,Complies search criteria,Conflicting uparam,Modifications,Retention Time (s),Calc m/z,Is decoy,rank
/mnt/ext4/mgfs/04854_F1_R8_P0109699E07_TMT10/04854_F1_R8_P0109699E07_TMT10_tmp.mgf,2564,04854_F1_R8_P0109699E07_TMT10.2564.2564.2,413.243817,2,KDHHSR,10,-20,8.64E-06,216.91745,sp|P0ADZ4|RS15_ECOLI 30S ribosomal protein S15 OS=Escherichia coli (strain K12) OX=83333 GN=rpsO PE=1 SV=2,48,53,K,R,619.3619255,-332791.0548,,TRUE,,TMT6plex:0;TMT6plex:1,17.413,619.3619255,FALSE,3
/mnt/ext4/mgfs/04854_F1_R8_P0109699E07_TMT10/04854_F1_R8_P0109699E07_TMT10_tmp.mgf,2564,04854_F1_R8_P0109699E07_TMT10.2564.2564.2,413.243817,2,KDHHSR,10,-20,8.64E-06,216.91745,sp|P0ADZ4|RS15_ECOLI 30S ribosomal protein S15 OS=Escherichia coli (strain K12) OX=83333 GN=rpsO PE=1 SV=2,48,53,K,R,504.7804595,-181339.5126,,TRUE,,TMT6plex:1,17.413,504.7804595,FALSE,3