Raw data location,Spectrum ID,Spectrum Title,Retention Time (s),Rank,Calc m/z,Exp m/z,Charge,Protein ID,Sequence Start,Sequence Stop,Sequence Pre AA,Sequence Post AA,uCalc m/z,Accuracy (ppm),Mass Difference,Complies search criteria,Conflicting uparam,Sequence,Modifications,X\!Tandem:expect,X\!Tandem:hyperscore,Is decoy
/mnt/ext4/mgfs/04854_F1_R8_P0109699E07_TMT10/04854_F1_R8_P0109699E07_TMT10.mgf,2564,04854_F1_R8_P0109699E07_TMT10.2564.2564.3,17.413,1,413.5796098,413.243817,3,sp|P0ADZ4|RS15_ECOLI 30S ribosomal protein S15 OS=Escherichia coli (strain K12) OX=83333 GN=rpsO PE=1 SV=2,48,53,K,R,413.2437092,0.26093,,TRUE,,KDHHSR,TMT6plex:0;TMT6plex:1,1.20E+00,14.3,FALSE
/mnt/ext4/mgfs/04854_F1_R8_P0109699E07_TMT10/04854_F1_R8_P0109699E07_TMT10.mgf,2564,04854_F1_R8_P0109699E07_TMT10.2564.2564.3,17.413,1,413.5796098,413.243817,3,sp|P0ADZ4|RS15_ECOLI 30S ribosomal protein S15 OS=Escherichia coli (strain K12) OX=83333 GN=rpsO PE=1 SV=2,48,53,K,R,413.2437092,0.26093,,TRUE,,KDHHSR,TMT6plex:1,1.20E+00,14.3,FALSE